
+--------------+--------------+--------------+--------------+--------------+--------------+
| Database     | Table        | FieldNum     | RecordLength | StorageModel | IndexNum     | 
|              |              |              |              |              |              | 
+--------------+--------------+--------------+--------------+--------------+--------------+
| db2024       | dbcourse     | 7            | 90           | NARY_MODEL   | 0            | 
+--------------+--------------+--------------+--------------+--------------+--------------+
Total tuple(s): 1
